// Jest Snapshot v1, https://goo.gl/fbAQLP

exports[`gux-action-toast #render should render action toast 1`] = `"<gux-action-toast lang=\\"en\\" accent=\\"neutral\\" class=\\"hydrated\\"><!----> <div class=\\"header\\"><div class=\\"icon\\"><gux-icon slot=\\"icon\\" icon-name=\\"add-user\\" decorative=\\"\\" class=\\"hydrated\\"><div class=\\"gux-icon-container\\"><svg xmlns=\\"http://www.w3.org/2000/svg\\" data-name=\\"Layer 1\\" viewBox=\\"0 0 32 32\\" aria-hidden=\\"true\\"><path d=\\"M13.1 17.55a6.91 6.91 0 006.9-6.9v-1.9a6.3 6.3 0 00-6.2-6.5h-1.2a6.69 6.69 0 00-6.5 6.5v1.9a7.07 7.07 0 007 6.9zm6.5 10.3c-.1-.3-.4-.4-.7-.5A3.35 3.35 0 0115.5 24a2.12 2.12 0 01.9-2 .75.75 0 00.2-1l-.3-.7a.73.73 0 00-1-.4 7.83 7.83 0 01-5.2-.2l-.1-.1a.37.37 0 00-.3-.1c-4.4 0-7.4 2.8-7.4 6.7v2.1c0 .5.3.3.7.3h16c.3 0 .6.1.7-.1a.82.82 0 00.1-.7zm9-5.2h-3.7V19a1.1 1.1 0 00-2.2 0v3.6h-3.4a1.1 1.1 0 100 2.2h3.4v3.8a1.1 1.1 0 002.2 0v-3.8h3.7a1.1 1.1 0 000-2.2z\\"></path></svg></div></gux-icon></div><div class=\\"title\\"><div slot=\\"title\\">Title</div></div></div><div class=\\"message\\"><div slot=\\"message\\">This is the message</div></div><div class=\\"action-buttons\\"><div class=\\"negitive-button\\"><gux-button slot=\\"negitive-button\\" class=\\"hydrated\\"><!----><button class=\\"gux-secondary\\">Reject</button></gux-button></div><div class=\\"positive-button\\"><gux-button slot=\\"positive-button\\" accent=\\"primary\\" class=\\"hydrated\\"><!----><button class=\\"gux-primary\\">Accept</button></gux-button></div></div></gux-action-toast>"`;
