// Jest Snapshot v1, https://goo.gl/fbAQLP

exports[`gux-input-radio should render 1`] = `
<gux-input-radio>
  <!---->
  <div class="gux-input-radio-container">
    <input disabled="" id="dinner-sandwich" name="dinner" slot="input" type="radio" value="sandwich">
  </div>
</gux-input-radio>
`;
