// Jest Snapshot v1, https://goo.gl/fbAQLP

exports[`gux-radial-loading should display component as expected (1) 1`] = `"<div class=\\"spinner-container modal\\" aria-busy=\\"true\\"><div class=\\"spin-circle\\"></div></div>"`;

exports[`gux-radial-loading should display component as expected (2) 1`] = `"<div class=\\"spinner-container modal\\" aria-busy=\\"true\\"><div class=\\"spin-circle\\"></div></div>"`;

exports[`gux-radial-loading should display component as expected (3) 1`] = `"<div class=\\"spinner-container input\\" aria-busy=\\"true\\"><div class=\\"spin-circle\\"></div></div>"`;

exports[`gux-radial-loading should display component as expected (4) 1`] = `"<div class=\\"spinner-container full-page\\" aria-busy=\\"true\\"><div class=\\"spin-circle\\"></div></div>"`;
