// Jest Snapshot v1, https://goo.gl/fbAQLP

exports[`gux-form-field #render input tag should render component type "checkbox" 1`] = `"<!----> <div><gux-input-checkbox class=\\"hydrated\\" aria-describedby=\\"gux-form-field-i\\"><!----><div class=\\"gux-input-checkbox-container\\"><input slot=\\"input\\" type=\\"checkbox\\" id=\\"test\\" value=\\"true\\"><label slot=\\"label\\" for=\\"test\\">Test</label></div></gux-input-checkbox><div id=\\"gux-form-field-i\\" class=\\"gux-error\\"><gux-error-message-beta class=\\"hydrated\\"><!----><div class=\\"gux-container\\"><div class=\\"gux-icon\\"><gux-icon icon-name=\\"alert-warning-octogon\\" class=\\"hydrated\\"><div class=\\"gux-icon-container\\"><svg xmlns=\\"http://www.w3.org/2000/svg\\" viewBox=\\"0 0 16 16\\" aria-hidden=\\"true\\"><path d=\\"M11 1H5L1 5v6l4 4h6l4-4V5l-4-4zM9 12H7v-2h2v2zm-.25-3h-1.5L7 7V4h2v3l-.25 2z\\"></path></svg></div></gux-icon></div><div class=\\"gux-message\\"></div></div></gux-error-message-beta></div></div>"`;

exports[`gux-form-field #render input tag should render component type "color" 1`] = `"<!----> <div class=\\"gux-label-and-input-and-error-container gux-beside\\"><div class=\\"gux-label-and-input-container\\"><div class=\\"gux-label-container\\"><label slot=\\"label\\" for=\\"test\\">Test</label></div><gux-input-color class=\\"hydrated\\" aria-describedby=\\"gux-form-field-i\\"><!----><section><button type=\\"button\\" class=\\"gux-input-color-main-element\\"><div class=\\"gux-input-color-selected-color\\" style=\\"background: rgb(0, 0, 0);\\"></div><div class=\\"gux-input-color-color-name\\">#000000</div><gux-icon icon-name=\\"chevron-small-down\\" class=\\"hydrated\\"><div class=\\"gux-icon-container\\"><svg xmlns=\\"http://www.w3.org/2000/svg\\" viewBox=\\"0 0 16 16\\" aria-hidden=\\"true\\"><path fill-rule=\\"evenodd\\" clip-rule=\\"evenodd\\" d=\\"M11 6 8 9 5 6 4 7l4 4 4-4z\\"></path></svg></div></gux-icon></button><gux-color-select class=\\"gux-input-color-color-select hydrated\\"><!----><div hidden=\\"\\"><input slot=\\"input\\" type=\\"color\\" id=\\"test\\" value=\\"#000000\\"></div><div><div class=\\"gux-input-color-matrix\\"><gux-input-color-option class=\\"hydrated\\"><button type=\\"button\\" value=\\"#203B73\\" title=\\"#203B73\\" style=\\"background-color: rgb(32, 59, 115);\\"></button></gux-input-color-option><gux-input-color-option class=\\"hydrated\\"><button type=\\"button\\" value=\\"#75A8FF\\" title=\\"#75A8FF\\" style=\\"background-color: rgb(117, 168, 255);\\"></button></gux-input-color-option><gux-input-color-option class=\\"hydrated\\"><button type=\\"button\\" value=\\"#8452CF\\" title=\\"#8452CF\\" style=\\"background-color: rgb(132, 82, 207);\\"></button></gux-input-color-option><gux-input-color-option class=\\"hydrated\\"><button type=\\"button\\" value=\\"#1DA8B3\\" title=\\"#1DA8B3\\" style=\\"background-color: rgb(29, 168, 179);\\"></button></gux-input-color-option><gux-input-color-option class=\\"hydrated\\"><button type=\\"button\\" value=\\"#B5B5EB\\" title=\\"#B5B5EB\\" style=\\"background-color: rgb(181, 181, 235);\\"></button></gux-input-color-option><gux-input-color-option class=\\"hydrated\\"><button type=\\"button\\" value=\\"#CC3EBE\\" title=\\"#CC3EBE\\" style=\\"background-color: rgb(204, 62, 190);\\"></button></gux-input-color-option><gux-input-color-option class=\\"hydrated\\"><button type=\\"button\\" value=\\"#5E6782\\" title=\\"#5E6782\\" style=\\"background-color: rgb(94, 103, 130);\\"></button></gux-input-color-option><gux-input-color-option class=\\"hydrated\\"><button type=\\"button\\" value=\\"#FF8FDD\\" title=\\"#FF8FDD\\" style=\\"background-color: rgb(255, 143, 221);\\"></button></gux-input-color-option><gux-input-color-option class=\\"hydrated\\"><button type=\\"button\\" value=\\"#868C1E\\" title=\\"#868C1E\\" style=\\"background-color: rgb(134, 140, 30);\\"></button></gux-input-color-option><gux-input-color-option class=\\"hydrated\\"><button type=\\"button\\" value=\\"#DDD933\\" title=\\"#DDD933\\" style=\\"background-color: rgb(221, 217, 51);\\"></button></gux-input-color-option></div></div></gux-color-select></section></gux-input-color></div><div id=\\"gux-form-field-i\\" class=\\"gux-error\\"><gux-error-message-beta class=\\"hydrated\\"><!----><div class=\\"gux-container\\"><div class=\\"gux-icon\\"><gux-icon icon-name=\\"alert-warning-octogon\\" class=\\"hydrated\\"><div class=\\"gux-icon-container\\"><svg xmlns=\\"http://www.w3.org/2000/svg\\" viewBox=\\"0 0 16 16\\" aria-hidden=\\"true\\"><path d=\\"M11 1H5L1 5v6l4 4h6l4-4V5l-4-4zM9 12H7v-2h2v2zm-.25-3h-1.5L7 7V4h2v3l-.25 2z\\"></path></svg></div></gux-icon></div><div class=\\"gux-message\\"></div></div></gux-error-message-beta></div></div>"`;

exports[`gux-form-field #render input tag should render component type "email" 1`] = `"<!----> <div class=\\"gux-label-and-input-and-error-container gux-beside\\"><div class=\\"gux-label-and-input-container\\"><div class=\\"gux-label-container\\"><label slot=\\"label\\" for=\\"test\\">Test</label></div><gux-input-text-like class=\\"hydrated\\" slot=\\"input\\" aria-describedby=\\"gux-form-field-i\\"><!----><div class=\\"gux-input-container\\"><input slot=\\"input\\" type=\\"email\\" id=\\"test\\" value=\\"test@example.com\\"></div></gux-input-text-like></div><div id=\\"gux-form-field-i\\" class=\\"gux-error\\"><gux-error-message-beta class=\\"hydrated\\"><!----><div class=\\"gux-container\\"><div class=\\"gux-icon\\"><gux-icon icon-name=\\"alert-warning-octogon\\" class=\\"hydrated\\"><div class=\\"gux-icon-container\\"><svg xmlns=\\"http://www.w3.org/2000/svg\\" viewBox=\\"0 0 16 16\\" aria-hidden=\\"true\\"><path d=\\"M11 1H5L1 5v6l4 4h6l4-4V5l-4-4zM9 12H7v-2h2v2zm-.25-3h-1.5L7 7V4h2v3l-.25 2z\\"></path></svg></div></gux-icon></div><div class=\\"gux-message\\"></div></div></gux-error-message-beta></div></div>"`;

exports[`gux-form-field #render input tag should render component type "number" 1`] = `"<!----> <div class=\\"gux-label-and-input-and-error-container gux-beside\\"><div class=\\"gux-label-and-input-container\\"><div class=\\"gux-label-container\\"><label slot=\\"label\\" for=\\"test\\">Test</label></div><gux-input-number class=\\"hydrated\\" slot=\\"input\\" aria-describedby=\\"gux-form-field-i\\"><!----><div class=\\"gux-input-number-container\\"><div class=\\"gux-input-container\\"><input slot=\\"input\\" type=\\"number\\" id=\\"test\\" value=\\"2\\"></div><div class=\\"gux-step-buttons-container\\"><button class=\\"gux-step-button\\" type=\\"button\\" title=\\"Increment\\"><gux-icon icon-name=\\"chevron-small-up\\" class=\\"hydrated\\"><div class=\\"gux-icon-container\\"><svg xmlns=\\"http://www.w3.org/2000/svg\\" viewBox=\\"0 0 16 16\\" aria-hidden=\\"true\\"><path fill-rule=\\"evenodd\\" clip-rule=\\"evenodd\\" d=\\"M8 5 4 9l1 1 3-3 3 3 1-1z\\"></path></svg></div></gux-icon></button><button class=\\"gux-step-button\\" type=\\"button\\" title=\\"Decrement\\"><gux-icon icon-name=\\"chevron-small-down\\" class=\\"hydrated\\"><div class=\\"gux-icon-container\\"><svg xmlns=\\"http://www.w3.org/2000/svg\\" viewBox=\\"0 0 16 16\\" aria-hidden=\\"true\\"><path fill-rule=\\"evenodd\\" clip-rule=\\"evenodd\\" d=\\"M11 6 8 9 5 6 4 7l4 4 4-4z\\"></path></svg></div></gux-icon></button></div></div></gux-input-number></div><div id=\\"gux-form-field-i\\" class=\\"gux-error\\"><gux-error-message-beta class=\\"hydrated\\"><!----><div class=\\"gux-container\\"><div class=\\"gux-icon\\"><gux-icon icon-name=\\"alert-warning-octogon\\" class=\\"hydrated\\"><div class=\\"gux-icon-container\\"><svg xmlns=\\"http://www.w3.org/2000/svg\\" viewBox=\\"0 0 16 16\\" aria-hidden=\\"true\\"><path d=\\"M11 1H5L1 5v6l4 4h6l4-4V5l-4-4zM9 12H7v-2h2v2zm-.25-3h-1.5L7 7V4h2v3l-.25 2z\\"></path></svg></div></gux-icon></div><div class=\\"gux-message\\"></div></div></gux-error-message-beta></div></div>"`;

exports[`gux-form-field #render input tag should render component type "password" 1`] = `"<!----> <div class=\\"gux-label-and-input-and-error-container gux-beside\\"><div class=\\"gux-label-and-input-container\\"><div class=\\"gux-label-container\\"><label slot=\\"label\\" for=\\"test\\">Test</label></div><gux-input-text-like class=\\"hydrated\\" slot=\\"input\\" aria-describedby=\\"gux-form-field-i\\"><!----><div class=\\"gux-input-container\\"><input slot=\\"input\\" type=\\"password\\" id=\\"test\\" value=\\"text\\"></div></gux-input-text-like></div><div id=\\"gux-form-field-i\\" class=\\"gux-error\\"><gux-error-message-beta class=\\"hydrated\\"><!----><div class=\\"gux-container\\"><div class=\\"gux-icon\\"><gux-icon icon-name=\\"alert-warning-octogon\\" class=\\"hydrated\\"><div class=\\"gux-icon-container\\"><svg xmlns=\\"http://www.w3.org/2000/svg\\" viewBox=\\"0 0 16 16\\" aria-hidden=\\"true\\"><path d=\\"M11 1H5L1 5v6l4 4h6l4-4V5l-4-4zM9 12H7v-2h2v2zm-.25-3h-1.5L7 7V4h2v3l-.25 2z\\"></path></svg></div></gux-icon></div><div class=\\"gux-message\\"></div></div></gux-error-message-beta></div></div>"`;

exports[`gux-form-field #render input tag should render component type "radio" 1`] = `"<!----> <gux-input-radio class=\\"hydrated\\"><!----><div class=\\"gux-input-radio-container\\"><input slot=\\"input\\" type=\\"radio\\" id=\\"test\\" value=\\"true\\"><label slot=\\"label\\" for=\\"test\\">Test</label></div></gux-input-radio>"`;

exports[`gux-form-field #render input tag should render component type "range" 1`] = `"<!----> <div class=\\"gux-label-and-input-and-error-container gux-beside\\"><div class=\\"gux-label-and-input-container\\"><div class=\\"gux-label-container\\"><label slot=\\"label\\" for=\\"test\\">Test</label></div><gux-input-range class=\\"hydrated\\"><!----><div class=\\"gux-container\\"><div class=\\"gux-range\\"><div class=\\"gux-track\\"><div class=\\"gux-progress\\" style=\\"width: 5%;\\"></div></div><input slot=\\"input\\" type=\\"range\\" id=\\"test\\" value=\\"5\\"><div class=\\"gux-range-tooltip-container gux-hidden\\"><div class=\\"gux-range-tooltip\\" style=\\"left: 4.90516%;\\">5</div></div></div><div class=\\"gux-display\\">5</div></div></gux-input-range></div></div>"`;

exports[`gux-form-field #render input tag should render component type "search" 1`] = `"<!----> <div class=\\"gux-label-and-input-and-error-container gux-beside\\"><div class=\\"gux-label-and-input-container\\"><div class=\\"gux-label-container\\"><label slot=\\"label\\" for=\\"test\\">Test</label></div><gux-input-search class=\\"hydrated\\"><!----><div class=\\"gux-input-container\\"><gux-icon class=\\"gux-search-icon hydrated\\" icon-name=\\"search\\"><div class=\\"gux-icon-container\\"><svg xmlns=\\"http://www.w3.org/2000/svg\\" viewBox=\\"0 0 16 16\\" aria-hidden=\\"true\\"><path d=\\"M11.255 9.255c.471-.811.745-1.75.745-2.755a5.5 5.5 0 1 0-11 0A5.5 5.5 0 0 0 6.5 12a5.466 5.466 0 0 0 2.755-.745L13 15l2-2-3.745-3.745zM6.5 10.5a4 4 0 1 1 0-8 4 4 0 0 1 0 8z\\" fill-rule=\\"evenodd\\" clip-rule=\\"evenodd\\"></path></svg></div></gux-icon><input slot=\\"input\\" type=\\"search\\" id=\\"test\\" value=\\"text\\"><button class=\\"gux-clear-button\\" type=\\"button\\" title=\\"Clear\\"><gux-icon icon-name=\\"close\\" class=\\"hydrated\\"><div class=\\"gux-icon-container\\"><svg xmlns=\\"http://www.w3.org/2000/svg\\" viewBox=\\"0 0 16 16\\" aria-hidden=\\"true\\"><path d=\\"M12.95 4.465 9.414 8l3.535 3.535-1.414 1.415L8 9.415 4.465 12.95l-1.414-1.415L6.586 8 3.051 4.465l1.414-1.414L8 6.586l3.535-3.535 1.415 1.414z\\"></path></svg></div></gux-icon></button></div></gux-input-search></div><div id=\\"gux-form-field-i\\" class=\\"gux-error\\"><gux-error-message-beta class=\\"hydrated\\"><!----><div class=\\"gux-container\\"><div class=\\"gux-icon\\"><gux-icon icon-name=\\"alert-warning-octogon\\" class=\\"hydrated\\"><div class=\\"gux-icon-container\\"><svg xmlns=\\"http://www.w3.org/2000/svg\\" viewBox=\\"0 0 16 16\\" aria-hidden=\\"true\\"><path d=\\"M11 1H5L1 5v6l4 4h6l4-4V5l-4-4zM9 12H7v-2h2v2zm-.25-3h-1.5L7 7V4h2v3l-.25 2z\\"></path></svg></div></gux-icon></div><div class=\\"gux-message\\"></div></div></gux-error-message-beta></div></div>"`;

exports[`gux-form-field #render input tag should render component type "text" 1`] = `"<!----> <div class=\\"gux-label-and-input-and-error-container gux-beside\\"><div class=\\"gux-label-and-input-container\\"><div class=\\"gux-label-container\\"><label slot=\\"label\\" for=\\"test\\">Test</label></div><gux-input-text-like class=\\"hydrated\\" slot=\\"input\\" aria-describedby=\\"gux-form-field-i\\"><!----><div class=\\"gux-input-container\\"><input slot=\\"input\\" type=\\"text\\" id=\\"test\\" value=\\"text\\"></div></gux-input-text-like></div><div id=\\"gux-form-field-i\\" class=\\"gux-error\\"><gux-error-message-beta class=\\"hydrated\\"><!----><div class=\\"gux-container\\"><div class=\\"gux-icon\\"><gux-icon icon-name=\\"alert-warning-octogon\\" class=\\"hydrated\\"><div class=\\"gux-icon-container\\"><svg xmlns=\\"http://www.w3.org/2000/svg\\" viewBox=\\"0 0 16 16\\" aria-hidden=\\"true\\"><path d=\\"M11 1H5L1 5v6l4 4h6l4-4V5l-4-4zM9 12H7v-2h2v2zm-.25-3h-1.5L7 7V4h2v3l-.25 2z\\"></path></svg></div></gux-icon></div><div class=\\"gux-message\\"></div></div></gux-error-message-beta></div></div>"`;

exports[`gux-form-field #render input tag should render component type "unknown" 1`] = `"<!----> <div><label slot=\\"label\\" for=\\"test\\">Test</label><input slot=\\"input\\" type=\\"unknown\\" id=\\"test\\" value=\\"text\\"></div>"`;

exports[`gux-form-field #render select tag should render component type "select" 1`] = `"<!----> <div class=\\"gux-label-and-input-and-error-container gux-beside\\"><div class=\\"gux-label-and-input-container\\"><div class=\\"gux-label-container\\"><label slot=\\"label\\">Select</label></div><gux-input-select slot=\\"input\\" class=\\"hydrated\\" aria-describedby=\\"gux-form-field-i\\"><!----><div class=\\"gux-input-container\\"><select slot=\\"input\\" name=\\"select\\" type=\\"select\\"> <option value=\\"option1\\">Option 1</option> <option value=\\"option1\\">Option 2</option> <option value=\\"option1\\">Option 3</option> </select><gux-icon class=\\"hydrated\\"><div class=\\"gux-icon-container\\"><svg xmlns=\\"http://www.w3.org/2000/svg\\" viewBox=\\"0 0 16 16\\" aria-hidden=\\"true\\"><path fill-rule=\\"evenodd\\" clip-rule=\\"evenodd\\" d=\\"M11 6 8 9 5 6 4 7l4 4 4-4z\\"></path></svg></div></gux-icon></div></gux-input-select></div><div id=\\"gux-form-field-i\\" class=\\"gux-error\\"><gux-error-message-beta class=\\"hydrated\\"><!----><div class=\\"gux-container\\"><div class=\\"gux-icon\\"><gux-icon icon-name=\\"alert-warning-octogon\\" class=\\"hydrated\\"><div class=\\"gux-icon-container\\"><svg xmlns=\\"http://www.w3.org/2000/svg\\" viewBox=\\"0 0 16 16\\" aria-hidden=\\"true\\"><path d=\\"M11 1H5L1 5v6l4 4h6l4-4V5l-4-4zM9 12H7v-2h2v2zm-.25-3h-1.5L7 7V4h2v3l-.25 2z\\"></path></svg></div></gux-icon></div><div class=\\"gux-message\\"></div></div></gux-error-message-beta></div></div>"`;
