// Jest Snapshot v1, https://goo.gl/fbAQLP

exports[`gux-form-field-beta #render input tag should render component type "checkbox" 1`] = `"<!----> <gux-input-checkbox-beta class=\\"hydrated\\"><!----><div class=\\"gux-input-checkbox-container\\"><input slot=\\"input\\" type=\\"checkbox\\" id=\\"test\\" value=\\"true\\"><label slot=\\"label\\" for=\\"test\\" class=\\"gux-unchecked\\">Test</label></div></gux-input-checkbox-beta>"`;

exports[`gux-form-field-beta #render input tag should render component type "color" 1`] = `"<!----> <div class=\\"gux-label-and-input-and-error-container\\"><div class=\\"gux-label-and-input-container gux-beside\\"><label slot=\\"label\\" for=\\"test\\">Test</label><gux-input-color-beta class=\\"hydrated\\"><!----><section><button type=\\"button\\" class=\\"gux-input-color-main-element\\"><div class=\\"gux-input-color-selected-color\\" style=\\"background: rgb(0, 0, 0);\\"></div><div class=\\"gux-input-color-color-name\\">#000000</div><gux-icon class=\\"hydrated\\"><div class=\\"gux-icon-container\\"><svg xmlns=\\"http://www.w3.org/2000/svg\\" viewBox=\\"0 0 16 16\\" aria-hidden=\\"true\\"><path fill-rule=\\"evenodd\\" clip-rule=\\"evenodd\\" d=\\"M11 6L8 9 5 6 4 7l4 4 4-4z\\"></path></svg></div></gux-icon></button><gux-input-color-select-beta class=\\"gux-input-color-color-select hydrated\\"><!----><div hidden=\\"\\"><input slot=\\"input\\" type=\\"color\\" id=\\"test\\" value=\\"#000000\\"></div><div><div class=\\"gux-input-color-matrix\\"><gux-input-color-option-beta class=\\"hydrated\\"><button type=\\"button\\" value=\\"#203B73\\" title=\\"#203B73\\" style=\\"background-color: rgb(32, 59, 115);\\"></button></gux-input-color-option-beta><gux-input-color-option-beta class=\\"hydrated\\"><button type=\\"button\\" value=\\"#75A8FF\\" title=\\"#75A8FF\\" style=\\"background-color: rgb(117, 168, 255);\\"></button></gux-input-color-option-beta><gux-input-color-option-beta class=\\"hydrated\\"><button type=\\"button\\" value=\\"#8452CF\\" title=\\"#8452CF\\" style=\\"background-color: rgb(132, 82, 207);\\"></button></gux-input-color-option-beta><gux-input-color-option-beta class=\\"hydrated\\"><button type=\\"button\\" value=\\"#1DA8B3\\" title=\\"#1DA8B3\\" style=\\"background-color: rgb(29, 168, 179);\\"></button></gux-input-color-option-beta><gux-input-color-option-beta class=\\"hydrated\\"><button type=\\"button\\" value=\\"#B5B5EB\\" title=\\"#B5B5EB\\" style=\\"background-color: rgb(181, 181, 235);\\"></button></gux-input-color-option-beta><gux-input-color-option-beta class=\\"hydrated\\"><button type=\\"button\\" value=\\"#CC3EBE\\" title=\\"#CC3EBE\\" style=\\"background-color: rgb(204, 62, 190);\\"></button></gux-input-color-option-beta><gux-input-color-option-beta class=\\"hydrated\\"><button type=\\"button\\" value=\\"#5E6782\\" title=\\"#5E6782\\" style=\\"background-color: rgb(94, 103, 130);\\"></button></gux-input-color-option-beta><gux-input-color-option-beta class=\\"hydrated\\"><button type=\\"button\\" value=\\"#FF8FDD\\" title=\\"#FF8FDD\\" style=\\"background-color: rgb(255, 143, 221);\\"></button></gux-input-color-option-beta><gux-input-color-option-beta class=\\"hydrated\\"><button type=\\"button\\" value=\\"#868C1E\\" title=\\"#868C1E\\" style=\\"background-color: rgb(134, 140, 30);\\"></button></gux-input-color-option-beta><gux-input-color-option-beta class=\\"hydrated\\"><button type=\\"button\\" value=\\"#DDD933\\" title=\\"#DDD933\\" style=\\"background-color: rgb(221, 217, 51);\\"></button></gux-input-color-option-beta></div></div></gux-input-color-select-beta></section></gux-input-color-beta></div><div class=\\"gux-error\\"></div></div>"`;

exports[`gux-form-field-beta #render input tag should render component type "email" 1`] = `"<!----> <div class=\\"gux-label-and-input-and-error-container\\"><div class=\\"gux-label-and-input-container gux-beside\\"><label slot=\\"label\\" for=\\"test\\">Test</label><gux-input-text-like-beta slot=\\"input\\" class=\\"hydrated\\"><!----><input slot=\\"input\\" type=\\"email\\" id=\\"test\\" value=\\"test@example.com\\"></gux-input-text-like-beta></div><div class=\\"gux-error\\"></div></div>"`;

exports[`gux-form-field-beta #render input tag should render component type "number" 1`] = `"<!----> <div class=\\"gux-label-and-input-and-error-container\\"><div class=\\"gux-label-and-input-container gux-beside\\"><label slot=\\"label\\" for=\\"test\\">Test</label><gux-input-text-like-beta slot=\\"input\\" class=\\"hydrated\\"><!----><input slot=\\"input\\" type=\\"number\\" id=\\"test\\" value=\\"2\\"></gux-input-text-like-beta></div><div class=\\"gux-error\\"></div></div>"`;

exports[`gux-form-field-beta #render input tag should render component type "password" 1`] = `"<!----> <div class=\\"gux-label-and-input-and-error-container\\"><div class=\\"gux-label-and-input-container gux-beside\\"><label slot=\\"label\\" for=\\"test\\">Test</label><gux-input-text-like-beta slot=\\"input\\" class=\\"hydrated\\"><!----><input slot=\\"input\\" type=\\"password\\" id=\\"test\\" value=\\"text\\"></gux-input-text-like-beta></div><div class=\\"gux-error\\"></div></div>"`;

exports[`gux-form-field-beta #render input tag should render component type "radio" 1`] = `"<!----> <gux-input-radio-beta class=\\"hydrated\\"><!----><div class=\\"gux-input-radio-container\\"><input slot=\\"input\\" type=\\"radio\\" id=\\"test\\" value=\\"true\\"><label slot=\\"label\\" for=\\"test\\">Test</label></div></gux-input-radio-beta>"`;

exports[`gux-form-field-beta #render input tag should render component type "range" 1`] = `"<!----> <div class=\\"guxlabel-and-input-and-error-container\\"><div class=\\"gux-label-and-input-container gux-beside\\"><label slot=\\"label\\" for=\\"test\\">Test</label><gux-input-range-beta class=\\"hydrated\\"><!----><div class=\\"gux-container\\"><div class=\\"gux-range\\"><div class=\\"gux-track\\"><div class=\\"gux-progress\\" style=\\"width: 5%;\\"></div></div><input slot=\\"input\\" type=\\"range\\" id=\\"test\\" value=\\"5\\"></div><div class=\\"gux-display\\">5</div></div></gux-input-range-beta></div><div class=\\"gux-error\\"></div></div>"`;

exports[`gux-form-field-beta #render input tag should render component type "search" 1`] = `"<!----> <div class=\\"gux-label-and-input-and-error-container\\"><div class=\\"gux-label-and-input-container gux-beside\\"><label slot=\\"label\\" for=\\"test\\">Test</label><gux-input-text-like-beta slot=\\"input\\" class=\\"hydrated\\"><!----><input slot=\\"input\\" type=\\"search\\" id=\\"test\\" value=\\"text\\"></gux-input-text-like-beta></div><div class=\\"gux-error\\"></div></div>"`;

exports[`gux-form-field-beta #render input tag should render component type "text" 1`] = `"<!----> <div class=\\"gux-label-and-input-and-error-container\\"><div class=\\"gux-label-and-input-container gux-beside\\"><label slot=\\"label\\" for=\\"test\\">Test</label><gux-input-text-like-beta slot=\\"input\\" class=\\"hydrated\\"><!----><input slot=\\"input\\" type=\\"text\\" id=\\"test\\" value=\\"text\\"></gux-input-text-like-beta></div><div class=\\"gux-error\\"></div></div>"`;

exports[`gux-form-field-beta #render input tag should render component type "unknown" 1`] = `"<!----> <div><label slot=\\"label\\" for=\\"test\\">Test</label><input slot=\\"input\\" type=\\"unknown\\" id=\\"test\\" value=\\"text\\"></div>"`;

exports[`gux-form-field-beta #render seect tag should render component type "select" 1`] = `"<!----> <div class=\\"gux-label-and-input-and-error-container\\"><div class=\\"gux-label-and-input-container gux-beside\\"><label slot=\\"label\\">Select</label><gux-input-text-like-beta slot=\\"input\\" class=\\"hydrated\\"><!----><select slot=\\"input\\" name=\\"select\\" type=\\"select\\"> <option value=\\"option1\\">Option 1</option> <option value=\\"option1\\">Option 2</option> <option value=\\"option1\\">Option 3</option> </select></gux-input-text-like-beta></div><div class=\\"gux-error\\"></div></div>"`;
