// Jest Snapshot v1, https://goo.gl/fbAQLP

exports[`gux-tabs renders 1`] = `" <gux-tab tab-id=\\"1\\" tab-icon-name=\\"ic-locked\\" class=\\"hydrated\\"><!----> <button class=\\"gux-tab show\\" role=\\"button\\"><div class=\\"tab-icon-container\\"><gux-icon class=\\"hydrated\\"><div class=\\"gux-icon-container\\"><svg xmlns=\\"http://www.w3.org/2000/svg\\" viewBox=\\"0 0 16 16\\" aria-hidden=\\"true\\"><path d=\\"M12.5 7H12V5c0-1.763-1.166-3.244-2.758-3.77l-.005-.001a3.826 3.826 0 00-.573-.149c-.216-.041-.436-.067-.664-.067s-.448.026-.664.067a3.826 3.826 0 00-.578.151C5.166 1.756 4 3.237 4 5v2h-.5C2.671 7 2 7.67 2 8.5v6A1.5 1.5 0 003.5 16h9a1.5 1.5 0 001.5-1.5v-6A1.5 1.5 0 0012.5 7zM6 5a2 2 0 014 0v2H6V5z\\"></path></svg></div></gux-icon></div><span class=\\"tab-title\\"><span slot=\\"title\\"> Hello World </span></span></button><button id=\\"1\\" class=\\"tab-dropdown-container\\"><gux-icon class=\\"hydrated\\"><div class=\\"gux-icon-container\\"><svg xmlns=\\"http://www.w3.org/2000/svg\\" data-name=\\"Layer 1\\" viewBox=\\"0 0 32 32\\" aria-hidden=\\"true\\"><path d=\\"M19.2 16a3.2 3.2 0 11-3.2-3.2 3.2 3.2 0 013.2 3.2zm0 11a3.2 3.2 0 11-3.2-3.2 3.2 3.2 0 013.2 3.2zm0-22A3.2 3.2 0 1116 1.8 3.2 3.2 0 0119.2 5z\\"></path></svg></div></gux-icon></button><gux-popover hidden=\\"\\" class=\\"hydrated\\" data-popper-reference-hidden data-popper-escaped data-popper-placement=\\"top\\" style=\\"position: absolute; left: 0px; top: auto; margin: 0px; right: auto; bottom: 0px; transform: translate(56px, -585px);\\"><!----><div class=\\"gux-popover-wrapper\\"><div class=\\"gux-arrow\\" data-popper-arrow style=\\"position: absolute; left: 0px; transform: translate(16px, 0px);\\"></div><div class=\\"gux-popover-content\\"><div><span slot=\\"dropdown-options\\"> <gux-tab-dropdown-option option-id=\\"1\\" icon-name=\\"ic-pencil\\" onclick=\\"notify(event)\\" class=\\"hydrated\\"><!----><button class=\\"tab-dropdown-option\\"><gux-icon class=\\"hydrated\\"><div class=\\"gux-icon-container\\"><svg xmlns=\\"http://www.w3.org/2000/svg\\" viewBox=\\"0 0 16 16\\" aria-hidden=\\"true\\"><path d=\\"M14.561 2.146l-.707-.707a1.497 1.497 0 00-2.119 0l-.732.734L11 2.172l-9.198 9.199 2.828 2.826 8.87-8.869c.826-.826.938-.936 1.061-1.061a1.501 1.501 0 000-2.121zM1 12.189V15h2.812l-1.951-1.95z\\"></path></svg></div></gux-icon><span> Edit </span></button></gux-tab-dropdown-option> <gux-tab-dropdown-option option-id=\\"2\\" icon-name=\\"ic-clone\\" onclick=\\"notify(event)\\" class=\\"hydrated\\"><!----><button class=\\"tab-dropdown-option\\"><gux-icon class=\\"hydrated\\"><div class=\\"gux-icon-container\\"><svg xmlns=\\"http://www.w3.org/2000/svg\\" viewBox=\\"0 0 16 16\\" aria-hidden=\\"true\\"><path d=\\"M3 3H1v12h12v-2H3V3zm2-2v10h10V1H5zm8 6h-2v2H9V7H7V5h2V3h2v2h2v2z\\"></path></svg></div></gux-icon><span> Clone </span></button></gux-tab-dropdown-option> <gux-tab-dropdown-option option-id=\\"3\\" icon-name=\\"ic-share\\" onclick=\\"notify(event)\\" class=\\"hydrated\\"><!----><button class=\\"tab-dropdown-option\\"><gux-icon class=\\"hydrated\\"><div class=\\"gux-icon-container\\"><svg xmlns=\\"http://www.w3.org/2000/svg\\" viewBox=\\"0 0 16 16\\" aria-hidden=\\"true\\"><path d=\\"M16 4l-5-4v2.75c-5.25 0-7.25 4.571-7.25 7.25 0 .213.017.422.043.627C4.521 8.76 6.25 5.25 11 5.25V8l5-4z\\"></path><path d=\\"M13 8.5V13H2V8.5H0V14a1 1 0 001 1h13a1 1 0 001-1V8.5h-2z\\"></path></svg></div></gux-icon><span> Share </span></button></gux-tab-dropdown-option> <gux-tab-dropdown-option option-id=\\"4\\" icon-name=\\"ic-download\\" onclick=\\"notify(event)\\" class=\\"hydrated\\"><!----><button class=\\"tab-dropdown-option\\"><gux-icon class=\\"hydrated\\"><div class=\\"gux-icon-container\\"><svg xmlns=\\"http://www.w3.org/2000/svg\\" viewBox=\\"0 0 16 16\\" aria-hidden=\\"true\\"><path d=\\"M2 13h12v1H2zm6-1l5-6H9V2H7v4H3z\\"></path></svg></div></gux-icon><span> Download </span></button></gux-tab-dropdown-option> </span></div></div></div></gux-popover></gux-tab> <gux-tab tab-id=\\"2\\" tab-icon-name=\\"ic-locked\\" class=\\"hydrated\\"><!----> <button class=\\"gux-tab show\\" role=\\"button\\"><div class=\\"tab-icon-container\\"><gux-icon class=\\"hydrated\\"><div class=\\"gux-icon-container\\"><svg xmlns=\\"http://www.w3.org/2000/svg\\" viewBox=\\"0 0 16 16\\" aria-hidden=\\"true\\"><path d=\\"M12.5 7H12V5c0-1.763-1.166-3.244-2.758-3.77l-.005-.001a3.826 3.826 0 00-.573-.149c-.216-.041-.436-.067-.664-.067s-.448.026-.664.067a3.826 3.826 0 00-.578.151C5.166 1.756 4 3.237 4 5v2h-.5C2.671 7 2 7.67 2 8.5v6A1.5 1.5 0 003.5 16h9a1.5 1.5 0 001.5-1.5v-6A1.5 1.5 0 0012.5 7zM6 5a2 2 0 014 0v2H6V5z\\"></path></svg></div></gux-icon></div><span class=\\"tab-title\\"><span slot=\\"title\\"> Hello World 2 </span></span></button></gux-tab> "`;
