// Jest Snapshot v1, https://goo.gl/fbAQLP

exports[`gux-page-loading-spinner renders 1`] = `"<gux-page-loading-spinner class=\\"hydrated\\"><gux-radial-loading class=\\"hydrated\\"><div class=\\"gux-spinner-container gux-full-page\\" aria-busy=\\"true\\"><div class=\\"gux-spin-circle\\"></div></div></gux-radial-loading></gux-page-loading-spinner>"`;
