// Jest Snapshot v1, https://goo.gl/fbAQLP

exports[`gux-page-loading-spinner should render as expected 1`] = `
<gux-page-loading-spinner>
  <gux-radial-loading-beta context="full-page"></gux-radial-loading-beta>
</gux-page-loading-spinner>
`;
